Archive member included to satisfy reference by file (symbol)

c:/dev/gnu tools arm embedded/5.4 2016q3/bin/../lib/gcc/arm-none-eabi/5.4.1/armv7e-m\libgcc.a(_aeabi_uldivmod.o)
                              ./system/src/stm32f4-hal/stm32f4xx_hal_rcc.o (__aeabi_uldivmod)
c:/dev/gnu tools arm embedded/5.4 2016q3/bin/../lib/gcc/arm-none-eabi/5.4.1/armv7e-m\libgcc.a(_udivmoddi4.o)
                              c:/dev/gnu tools arm embedded/5.4 2016q3/bin/../lib/gcc/arm-none-eabi/5.4.1/armv7e-m\libgcc.a(_aeabi_uldivmod.o) (__udivmoddi4)
c:/dev/gnu tools arm embedded/5.4 2016q3/bin/../lib/gcc/arm-none-eabi/5.4.1/armv7e-m\libgcc.a(_dvmd_tls.o)
                              c:/dev/gnu tools arm embedded/5.4 2016q3/bin/../lib/gcc/arm-none-eabi/5.4.1/armv7e-m\libgcc.a(_aeabi_uldivmod.o) (__aeabi_ldiv0)
c:/dev/gnu tools arm embedded/5.4 2016q3/bin/../lib/gcc/arm-none-eabi/5.4.1/../../../../arm-none-eabi/lib/armv7e-m\libg_nano.a(lib_a-errno.o)
                              ./system/src/newlib/sbrk.o (__errno)
c:/dev/gnu tools arm embedded/5.4 2016q3/bin/../lib/gcc/arm-none-eabi/5.4.1/../../../../arm-none-eabi/lib/armv7e-m\libg_nano.a(lib_a-impure.o)
                              c:/dev/gnu tools arm embedded/5.4 2016q3/bin/../lib/gcc/arm-none-eabi/5.4.1/../../../../arm-none-eabi/lib/armv7e-m\libg_nano.a(lib_a-errno.o) (_impure_ptr)
c:/dev/gnu tools arm embedded/5.4 2016q3/bin/../lib/gcc/arm-none-eabi/5.4.1/../../../../arm-none-eabi/lib/armv7e-m\libg_nano.a(lib_a-strlen.o)
                              ./system/src/diag/trace.o (strlen)
c:/dev/gnu tools arm embedded/5.4 2016q3/bin/../lib/gcc/arm-none-eabi/5.4.1/../../../../arm-none-eabi/lib/armv7e-m\libg_nano.a(lib_a-vsnprintf.o)
                              ./system/src/diag/trace.o (vsnprintf)
c:/dev/gnu tools arm embedded/5.4 2016q3/bin/../lib/gcc/arm-none-eabi/5.4.1/../../../../arm-none-eabi/lib/armv7e-m\libg_nano.a(lib_a-nano-svfprintf.o)
                              c:/dev/gnu tools arm embedded/5.4 2016q3/bin/../lib/gcc/arm-none-eabi/5.4.1/../../../../arm-none-eabi/lib/armv7e-m\libg_nano.a(lib_a-vsnprintf.o) (_svfprintf_r)
c:/dev/gnu tools arm embedded/5.4 2016q3/bin/../lib/gcc/arm-none-eabi/5.4.1/../../../../arm-none-eabi/lib/armv7e-m\libg_nano.a(lib_a-nano-vfprintf_i.o)
                              c:/dev/gnu tools arm embedded/5.4 2016q3/bin/../lib/gcc/arm-none-eabi/5.4.1/../../../../arm-none-eabi/lib/armv7e-m\libg_nano.a(lib_a-nano-svfprintf.o) (_printf_i)
c:/dev/gnu tools arm embedded/5.4 2016q3/bin/../lib/gcc/arm-none-eabi/5.4.1/../../../../arm-none-eabi/lib/armv7e-m\libg_nano.a(lib_a-memchr.o)
                              c:/dev/gnu tools arm embedded/5.4 2016q3/bin/../lib/gcc/arm-none-eabi/5.4.1/../../../../arm-none-eabi/lib/armv7e-m\libg_nano.a(lib_a-nano-svfprintf.o) (memchr)
c:/dev/gnu tools arm embedded/5.4 2016q3/bin/../lib/gcc/arm-none-eabi/5.4.1/../../../../arm-none-eabi/lib/armv7e-m\libg_nano.a(lib_a-memcpy-stub.o)
                              c:/dev/gnu tools arm embedded/5.4 2016q3/bin/../lib/gcc/arm-none-eabi/5.4.1/../../../../arm-none-eabi/lib/armv7e-m\libg_nano.a(lib_a-nano-svfprintf.o) (memcpy)
c:/dev/gnu tools arm embedded/5.4 2016q3/bin/../lib/gcc/arm-none-eabi/5.4.1/../../../../arm-none-eabi/lib/armv7e-m\libg_nano.a(lib_a-memmove.o)
                              c:/dev/gnu tools arm embedded/5.4 2016q3/bin/../lib/gcc/arm-none-eabi/5.4.1/../../../../arm-none-eabi/lib/armv7e-m\libg_nano.a(lib_a-nano-svfprintf.o) (memmove)
c:/dev/gnu tools arm embedded/5.4 2016q3/bin/../lib/gcc/arm-none-eabi/5.4.1/../../../../arm-none-eabi/lib/armv7e-m\libg_nano.a(lib_a-nano-freer.o)
                              c:/dev/gnu tools arm embedded/5.4 2016q3/bin/../lib/gcc/arm-none-eabi/5.4.1/../../../../arm-none-eabi/lib/armv7e-m\libg_nano.a(lib_a-nano-svfprintf.o) (_free_r)
c:/dev/gnu tools arm embedded/5.4 2016q3/bin/../lib/gcc/arm-none-eabi/5.4.1/../../../../arm-none-eabi/lib/armv7e-m\libg_nano.a(lib_a-nano-mallocr.o)
                              c:/dev/gnu tools arm embedded/5.4 2016q3/bin/../lib/gcc/arm-none-eabi/5.4.1/../../../../arm-none-eabi/lib/armv7e-m\libg_nano.a(lib_a-nano-svfprintf.o) (_malloc_r)
c:/dev/gnu tools arm embedded/5.4 2016q3/bin/../lib/gcc/arm-none-eabi/5.4.1/../../../../arm-none-eabi/lib/armv7e-m\libg_nano.a(lib_a-nano-reallocr.o)
                              c:/dev/gnu tools arm embedded/5.4 2016q3/bin/../lib/gcc/arm-none-eabi/5.4.1/../../../../arm-none-eabi/lib/armv7e-m\libg_nano.a(lib_a-nano-svfprintf.o) (_realloc_r)
c:/dev/gnu tools arm embedded/5.4 2016q3/bin/../lib/gcc/arm-none-eabi/5.4.1/../../../../arm-none-eabi/lib/armv7e-m\libg_nano.a(lib_a-sbrkr.o)
                              c:/dev/gnu tools arm embedded/5.4 2016q3/bin/../lib/gcc/arm-none-eabi/5.4.1/../../../../arm-none-eabi/lib/armv7e-m\libg_nano.a(lib_a-nano-mallocr.o) (_sbrk_r)
c:/dev/gnu tools arm embedded/5.4 2016q3/bin/../lib/gcc/arm-none-eabi/5.4.1/../../../../arm-none-eabi/lib/armv7e-m\libg_nano.a(lib_a-mlock.o)
[...]
Memory Configuration

Name             Origin             Length             Attributes
RAM              0x20000000         0x00020000         xrw
CCMRAM           0x10000000         0x00010000         xrw
FLASH            0x08000000         0x00100000         xr
FLASHB1          0x00000000         0x00000000         xr
EXTMEMB0         0x00000000         0x00000000         xr
EXTMEMB1         0x00000000         0x00000000         xr
EXTMEMB2         0x00000000         0x00000000         xr
EXTMEMB3         0x00000000         0x00000000         xr
MEMORY_ARRAY     0x20002000         0x00000020         xrw
*default*        0x00000000         0xffffffff

Linker script and memory map

LOAD ./system/src/stm32f4-hal/stm32f4xx_hal.o
LOAD ./system/src/stm32f4-hal/stm32f4xx_hal_cortex.o
LOAD ./system/src/stm32f4-hal/stm32f4xx_hal_flash.o
LOAD ./system/src/stm32f4-hal/stm32f4xx_hal_flash_ex.o
LOAD ./system/src/stm32f4-hal/stm32f4xx_hal_flash_ramfunc.o
LOAD ./system/src/stm32f4-hal/stm32f4xx_hal_gpio.o
LOAD ./system/src/stm32f4-hal/stm32f4xx_hal_iwdg.o
LOAD ./system/src/stm32f4-hal/stm32f4xx_hal_pwr.o
LOAD ./system/src/stm32f4-hal/stm32f4xx_hal_rcc.o
LOAD ./system/src/stm32f4-hal/stm32f4xx_hal_tim.o
LOAD ./system/src/stm32f4-hal/stm32f4xx_hal_tim_ex.o
LOAD ./system/src/newlib/assert.o
LOAD ./system/src/newlib/cxx.o
LOAD ./system/src/newlib/exit.o
LOAD ./system/src/newlib/sbrk.o
LOAD ./system/src/newlib/startup.o
LOAD ./system/src/newlib/syscalls.o
LOAD ./system/src/diag/trace-impl.o
LOAD ./system/src/diag/trace.o
LOAD ./system/src/cortexm/exception-handlers.o
LOAD ./system/src/cortexm/initialize-hardware.o
LOAD ./system/src/cortexm/reset-hardware.o
LOAD ./system/src/cmsis/system_stm32f4xx.o
LOAD ./system/src/cmsis/vectors_stm32f407xx.o
LOAD ./src/LED_Control.o
LOAD ./src/clock_control.o
LOAD ./src/initialize-hardware.o
LOAD ./src/main.o
LOAD ./src/stm32f4xx_hal_msp.o
LOAD ./src/write.o
LOAD c:/dev/gnu tools arm embedded/5.4 2016q3/bin/../lib/gcc/arm-none-eabi/5.4.1/../../../../arm-none-eabi/lib/armv7e-m\libstdc++_nano.a
LOAD c:/dev/gnu tools arm embedded/5.4 2016q3/bin/../lib/gcc/arm-none-eabi/5.4.1/../../../../arm-none-eabi/lib/armv7e-m\libm.a
START GROUP
LOAD c:/dev/gnu tools arm embedded/5.4 2016q3/bin/../lib/gcc/arm-none-eabi/5.4.1/armv7e-m\libgcc.a
LOAD c:/dev/gnu tools arm embedded/5.4 2016q3/bin/../lib/gcc/arm-none-eabi/5.4.1/../../../../arm-none-eabi/lib/armv7e-m\libg_nano.a
LOAD c:/dev/gnu tools arm embedded/5.4 2016q3/bin/../lib/gcc/arm-none-eabi/5.4.1/../../../../arm-none-eabi/lib/armv7e-m\libc_nano.a
END GROUP
START GROUP
LOAD c:/dev/gnu tools arm embedded/5.4 2016q3/bin/../lib/gcc/arm-none-eabi/5.4.1/armv7e-m\libgcc.a
LOAD c:/dev/gnu tools arm embedded/5.4 2016q3/bin/../lib/gcc/arm-none-eabi/5.4.1/../../../../arm-none-eabi/lib/armv7e-m\libc_nano.a
END GROUP
                0x20020000                __stack = (ORIGIN (RAM) + LENGTH (RAM))
                0x20020000                _estack = __stack
                0x00000400                __Main_Stack_Size = 0x400
                [!provide]                PROVIDE (_Main_Stack_Size, __Main_Stack_Size)
                0x2001fc00                __Main_Stack_Limit = (__stack - __Main_Stack_Size)
                [!provide]                PROVIDE (_Main_Stack_Limit, __Main_Stack_Limit)
                0x00000100                _Minimum_Stack_Size = 0x100
                0x20000120                PROVIDE (_Heap_Begin, _end_noinit)
                0x2001fc00                PROVIDE (_Heap_Limit, (__stack - __Main_Stack_Size))

.isr_vector     0x08000000      0x3ec
 FILL mask 0xff
                0x08000000                __vectors_start = ABSOLUTE (.)
                0x08000000                __vectors_start__ = ABSOLUTE (.)
 *(.isr_vector)
 .isr_vector    0x08000000      0x188 ./system/src/cmsis/vectors_stm32f407xx.o
                0x08000000                __isr_vectors
 *(.cfmconfig)
 *(.after_vectors .after_vectors.*)
 .after_vectors
                0x08000188      0x130 ./system/src/newlib/startup.o
                0x08000188                _start
 .after_vectors
                0x080002b8      0x130 ./system/src/cortexm/exception-handlers.o
                0x080002b8                Reset_Handler
                0x080002c0                NMI_Handler
                0x080002c4                HardFault_Handler
                0x080002d8                HardFault_Handler_C
                0x08000338                MemManage_Handler
                0x0800033c                BusFault_Handler
                0x08000350                BusFault_Handler_C
                0x08000384                UsageFault_Handler
                0x08000398                UsageFault_Handler_C
                0x080003cc                SVC_Handler
                0x080003d0                DebugMon_Handler
                0x080003d4                PendSV_Handler
 .after_vectors
                0x080003e8        0x4 ./system/src/cmsis/vectors_stm32f407xx.o
                0x080003e8                RTC_Alarm_IRQHandler
                0x080003e8                HASH_RNG_IRQHandler
                0x080003e8                EXTI2_IRQHandler
                0x080003e8                TIM8_CC_IRQHandler
                0x080003e8                TIM1_CC_IRQHandler
                0x080003e8                DMA2_Stream5_IRQHandler
                0x080003e8                DMA1_Stream5_IRQHandler
                0x080003e8                PVD_IRQHandler
                0x080003e8                SDIO_IRQHandler
                0x080003e8                TAMP_STAMP_IRQHandler
                0x080003e8                CAN2_RX1_IRQHandler
                0x080003e8                EXTI3_IRQHandler
                0x080003e8                TIM8_TRG_COM_TIM14_IRQHandler
                0x080003e8                TIM1_UP_TIM10_IRQHandler
                0x080003e8                TIM8_UP_TIM13_IRQHandler
                0x080003e8                I2C3_ER_IRQHandler
                0x080003e8                EXTI0_IRQHandler
                0x080003e8                I2C2_EV_IRQHandler
                0x080003e8                DMA1_Stream2_IRQHandler
                0x080003e8                CAN1_RX0_IRQHandler
                0x080003e8                FPU_IRQHandler
                0x080003e8                OTG_HS_WKUP_IRQHandler
                0x080003e8                CAN2_SCE_IRQHandler
                0x080003e8                DMA2_Stream2_IRQHandler
                0x080003e8                SPI1_IRQHandler
                0x080003e8                TIM6_DAC_IRQHandler
                0x080003e8                TIM1_BRK_TIM9_IRQHandler
                0x080003e8                DCMI_IRQHandler
                0x080003e8                CAN2_RX0_IRQHandler
                0x080003e8                DMA2_Stream3_IRQHandler
                0x080003e8                USART6_IRQHandler
                0x080003e8                USART3_IRQHandler
                0x080003e8                CAN1_RX1_IRQHandler
                0x080003e8                UART5_IRQHandler
                0x080003e8                DMA2_Stream0_IRQHandler
                0x080003e8                TIM4_IRQHandler
                0x080003e8                I2C1_EV_IRQHandler
                0x080003e8                DMA1_Stream6_IRQHandler
                0x080003e8                DMA1_Stream1_IRQHandler
                0x080003e8                UART4_IRQHandler
                0x080003e8                TIM3_IRQHandler
                0x080003e8                RCC_IRQHandler
                0x080003e8                TIM8_BRK_TIM12_IRQHandler
                0x080003e8                Default_Handler
                0x080003e8                EXTI15_10_IRQHandler
                0x080003e8                ADC_IRQHandler
                0x080003e8                DMA1_Stream7_IRQHandler
                0x080003e8                TIM7_IRQHandler
                0x080003e8                CAN2_TX_IRQHandler
                0x080003e8                TIM5_IRQHandler
                0x080003e8                DMA2_Stream7_IRQHandler
                0x080003e8                I2C3_EV_IRQHandler
                0x080003e8                EXTI9_5_IRQHandler
                0x080003e8                RTC_WKUP_IRQHandler
                0x080003e8                ETH_WKUP_IRQHandler
                0x080003e8                SPI2_IRQHandler
                0x080003e8                OTG_HS_EP1_IN_IRQHandler
                0x080003e8                DMA1_Stream0_IRQHandler
                0x080003e8                CAN1_TX_IRQHandler
                0x080003e8                EXTI4_IRQHandler
                0x080003e8                ETH_IRQHandler
                0x080003e8                OTG_HS_EP1_OUT_IRQHandler
                0x080003e8                WWDG_IRQHandler
                0x080003e8                TIM2_IRQHandler
                0x080003e8                OTG_FS_WKUP_IRQHandler
                0x080003e8                TIM1_TRG_COM_TIM11_IRQHandler
                0x080003e8                OTG_HS_IRQHandler
                0x080003e8                EXTI1_IRQHandler
                0x080003e8                USART2_IRQHandler
                0x080003e8                I2C2_ER_IRQHandler
                0x080003e8                DMA2_Stream1_IRQHandler
                0x080003e8                CAN1_SCE_IRQHandler
                0x080003e8                FLASH_IRQHandler
                0x080003e8                DMA2_Stream4_IRQHandler
                0x080003e8                USART1_IRQHandler
                0x080003e8                OTG_FS_IRQHandler
                0x080003e8                SPI3_IRQHandler
                0x080003e8                DMA1_Stream4_IRQHandler
                0x080003e8                I2C1_ER_IRQHandler
                0x080003e8                FMC_IRQHandler
                0x080003e8                DMA2_Stream6_IRQHandler
                0x080003e8                DMA1_Stream3_IRQHandler

.inits          0x080003ec       0x28
                0x080003ec                __data_regions_array_start = .
                0x080003ec        0x4 LONG 0x8002b90 LOADADDR (.data)
                0x080003f0        0x4 LONG 0x20000000 ADDR (.data)
                0x080003f4        0x4 LONG 0x20000080 (ADDR (.data) + SIZEOF (.data))
                0x080003f8        0x4 LONG 0x8002b90 LOADADDR (.data_CCMRAM)
                0x080003fc        0x4 LONG 0x10000000 ADDR (.data_CCMRAM)
                0x08000400        0x4 LONG 0x10000000 (ADDR (.data_CCMRAM) + SIZEOF (.data_CCMRAM))
                0x08000404                __data_regions_array_end = .
                0x08000404                __bss_regions_array_start = .
                0x08000404        0x4 LONG 0x20000080 ADDR (.bss)
                0x08000408        0x4 LONG 0x20000120 (ADDR (.bss) + SIZEOF (.bss))
                0x0800040c        0x4 LONG 0x10000000 ADDR (.bss_CCMRAM)
                0x08000410        0x4 LONG 0x10000000 (ADDR (.bss_CCMRAM) + SIZEOF (.bss_CCMRAM))
                0x08000414                __bss_regions_array_end = .
 *(.init)
 *(.fini)
                0x08000414                . = ALIGN (0x4)
                0x08000414                PROVIDE (__preinit_array_start, .)
 *(.preinit_array_sysinit .preinit_array_sysinit.*)
 *(.preinit_array_platform .preinit_array_platform.*)
 *(.preinit_array .preinit_array.*)
                0x08000414                PROVIDE (__preinit_array_end, .)
                0x08000414                . = ALIGN (0x4)
                0x08000414                PROVIDE (__init_array_start, .)
 *(SORT(.init_array.*))
 *(.init_array)
                0x08000414                PROVIDE (__init_array_end, .)
                0x08000414                . = ALIGN (0x4)
                0x08000414                PROVIDE (__fini_array_start, .)
 *(SORT(.fini_array.*))
 *(.fini_array)
                0x08000414                PROVIDE (__fini_array_end, .)

.flashtext
 *(.flashtext .flashtext.*)

.text           0x08000420     0x2767
 *(.text .text.*)
 .text.HAL_InitTick
                0x08000420       0x4c ./system/src/stm32f4-hal/stm32f4xx_hal.o
                0x08000420                HAL_InitTick
 .text.HAL_Init
                0x0800046c       0x34 ./system/src/stm32f4-hal/stm32f4xx_hal.o
                0x0800046c                HAL_Init
 .text.HAL_IncTick
                0x080004a0       0x18 ./system/src/stm32f4-hal/stm32f4xx_hal.o
                0x080004a0                HAL_IncTick
 .text.HAL_GetTick
                0x080004b8        0xc ./system/src/stm32f4-hal/stm32f4xx_hal.o
                0x080004b8                HAL_GetTick
 .text.HAL_Delay
                0x080004c4       0x28 ./system/src/stm32f4-hal/stm32f4xx_hal.o
                0x080004c4                HAL_Delay
 .text.HAL_NVIC_SetPriorityGrouping
                0x080004ec       0x3c ./system/src/stm32f4-hal/stm32f4xx_hal_cortex.o
                0x080004ec                HAL_NVIC_SetPriorityGrouping
 .text.HAL_NVIC_SetPriority
                0x08000528       0x84 ./system/src/stm32f4-hal/stm32f4xx_hal_cortex.o
                0x08000528                HAL_NVIC_SetPriority
 .text.HAL_SYSTICK_Config
                0x080005ac       0x2c ./system/src/stm32f4-hal/stm32f4xx_hal_cortex.o
                0x080005ac                HAL_SYSTICK_Config
 .text.HAL_SYSTICK_CLKSourceConfig
                0x080005d8       0x38 ./system/src/stm32f4-hal/stm32f4xx_hal_cortex.o
                0x080005d8                HAL_SYSTICK_CLKSourceConfig
 .text.HAL_GPIO_Init
                0x08000610      0x328 ./system/src/stm32f4-hal/stm32f4xx_hal_gpio.o
                0x08000610                HAL_GPIO_Init
 .text.HAL_GPIO_WritePin
                0x08000938       0x34 ./system/src/stm32f4-hal/stm32f4xx_hal_gpio.o
                0x08000938                HAL_GPIO_WritePin
 .text.HAL_RCC_OscConfig
                0x0800096c      0x504 ./system/src/stm32f4-hal/stm32f4xx_hal_rcc.o
                0x0800096c                HAL_RCC_OscConfig
 .text.HAL_RCC_GetSysClockFreq
                0x08000e70       0xcc ./system/src/stm32f4-hal/stm32f4xx_hal_rcc.o
                0x08000e70                HAL_RCC_GetSysClockFreq
 .text.HAL_RCC_ClockConfig
                0x08000f3c      0x214 ./system/src/stm32f4-hal/stm32f4xx_hal_rcc.o
                0x08000f3c                HAL_RCC_ClockConfig
 .text.HAL_RCC_GetHCLKFreq
                0x08001150        0xc ./system/src/stm32f4-hal/stm32f4xx_hal_rcc.o
                0x08001150                HAL_RCC_GetHCLKFreq
 .text.HAL_TIM_Base_MspInit
                0x0800115c        0x4 ./system/src/stm32f4-hal/stm32f4xx_hal_tim.o
                0x0800115c                HAL_TIM_Base_MspInit
 .text.HAL_TIM_Base_Start
                0x08001160       0xa8 ./system/src/stm32f4-hal/stm32f4xx_hal_tim.o
                0x08001160                HAL_TIM_Base_Start
 .text.TIM_Base_SetConfig
                0x08001208       0xc8 ./system/src/stm32f4-hal/stm32f4xx_hal_tim.o
                0x08001208                TIM_Base_SetConfig
 .text.HAL_TIM_Base_Init
                0x080012d0      0x104 ./system/src/stm32f4-hal/stm32f4xx_hal_tim.o
                0x080012d0                HAL_TIM_Base_Init
 .text._exit    0x080013d4        0x4 ./system/src/newlib/exit.o
                0x080013d4                _exit
 .text._sbrk    0x080013d8       0x44 ./system/src/newlib/sbrk.o
                0x080013d8                _sbrk
 .text.__initialize_args
                0x0800141c       0x10 ./system/src/newlib/syscalls.o
                0x0800141c                __initialize_args
 .text._trace_write_semihosting_debug
                0x0800142c       0x64 ./system/src/diag/trace-impl.o
 .text.trace_write
                0x08001490        0x8 ./system/src/diag/trace-impl.o
                0x08001490                trace_write
 .text.trace_printf
                0x08001498       0x30 ./system/src/diag/trace.o
                0x08001498                trace_printf
 .text.dumpExceptionStack
                0x080014c8       0xf0 ./system/src/cortexm/exception-handlers.o
                0x080014c8                dumpExceptionStack
 .text.isSemihosting
                0x080015b8       0x20 ./system/src/cortexm/exception-handlers.o
                0x080015b8                isSemihosting
 .text.__initialize_hardware_early
                0x080015d8       0x18 ./system/src/cortexm/initialize-hardware.o
                0x080015d8                __initialize_hardware_early
 .text.SystemInit
                0x080015f0       0x10 ./system/src/cmsis/system_stm32f4xx.o
                0x080015f0                SystemInit
 .text.SystemCoreClockUpdate
                0x08001600       0xa0 ./system/src/cmsis/system_stm32f4xx.o
                0x08001600                SystemCoreClockUpdate
 .text.display_number
                0x080016a0      0x2dc ./src/LED_Control.o
                0x080016a0                display_number
 .text.hide_digits
                0x0800197c       0x40 ./src/LED_Control.o
                0x0800197c                hide_digits
 .text.show_digit
                0x080019bc       0x58 ./src/LED_Control.o
                0x080019bc                show_digit
 .text.show_time
                0x08001a14       0x80 ./src/LED_Control.o
                0x08001a14                show_time
 .text.increment_time
                0x08001a94       0x60 ./src/clock_control.o
                0x08001a94                increment_time
 .text.SystemClock_Config
                0x08001af4       0xa0 ./src/initialize-hardware.o
                0x08001af4                SystemClock_Config
 .text.__initialize_hardware
                0x08001b94       0x10 ./src/initialize-hardware.o
                0x08001b94                __initialize_hardware
 .text.assert_failed
                0x08001ba4       0x14 ./src/initialize-hardware.o
                0x08001ba4                assert_failed
 .text.SysTick_Handler
                0x08001bb8        0x8 ./src/main.o
                0x08001bb8                SysTick_Handler
 .text.main     0x08001bc0      0x104 ./src/main.o
                0x08001bc0                main
 .text.HAL_MspInit
                0x08001cc4        0x4 ./src/stm32f4xx_hal_msp.o
                0x08001cc4                HAL_MspInit
 .text          0x08001cc8       0x30 c:/dev/gnu tools arm embedded/5.4 2016q3/bin/../lib/gcc/arm-none-eabi/5.4.1/armv7e-m\libgcc.a(_aeabi_uldivmod.o)
                0x08001cc8                __aeabi_uldivmod
 .text          0x08001cf8      0x2e4 c:/dev/gnu tools arm embedded/5.4 2016q3/bin/../lib/gcc/arm-none-eabi/5.4.1/armv7e-m\libgcc.a(_udivmoddi4.o)
                0x08001cf8                __udivmoddi4
 .text          0x08001fdc        0x4 c:/dev/gnu tools arm embedded/5.4 2016q3/bin/../lib/gcc/arm-none-eabi/5.4.1/armv7e-m\libgcc.a(_dvmd_tls.o)
                0x08001fdc                __aeabi_idiv0
                0x08001fdc                __aeabi_ldiv0
 .text.__errno  0x08001fe0        0xc c:/dev/gnu tools arm embedded/5.4 2016q3/bin/../lib/gcc/arm-none-eabi/5.4.1/../../../../arm-none-eabi/lib/armv7e-m\libg_nano.a(lib_a-errno.o)
                0x08001fe0                __errno
 .text._vsnprintf_r
                0x08001fec       0x56 c:/dev/gnu tools arm embedded/5.4 2016q3/bin/../lib/gcc/arm-none-eabi/5.4.1/../../../../arm-none-eabi/lib/armv7e-m\libg_nano.a(lib_a-vsnprintf.o)
                0x08001fec                _vsniprintf_r
                0x08001fec                _vsnprintf_r
 *fill*         0x08002042        0x2 
 .text.vsnprintf
                0x08002044       0x1c c:/dev/gnu tools arm embedded/5.4 2016q3/bin/../lib/gcc/arm-none-eabi/5.4.1/../../../../arm-none-eabi/lib/armv7e-m\libg_nano.a(lib_a-vsnprintf.o)
                0x08002044                vsniprintf
                0x08002044                vsnprintf
 .text.__ssputs_r
                0x08002060       0xb2 c:/dev/gnu tools arm embedded/5.4 2016q3/bin/../lib/gcc/arm-none-eabi/5.4.1/../../../../arm-none-eabi/lib/armv7e-m\libg_nano.a(lib_a-nano-svfprintf.o)
                0x08002060                __ssputs_r
 *fill*         0x08002112        0x2 
 .text._svfprintf_r
                0x08002114      0x1e8 c:/dev/gnu tools arm embedded/5.4 2016q3/bin/../lib/gcc/arm-none-eabi/5.4.1/../../../../arm-none-eabi/lib/armv7e-m\libg_nano.a(lib_a-nano-svfprintf.o)
                0x08002114                _svfiprintf_r
                0x08002114                _svfprintf_r
 .text._printf_common
                0x080022fc       0xec c:/dev/gnu tools arm embedded/5.4 2016q3/bin/../lib/gcc/arm-none-eabi/5.4.1/../../../../arm-none-eabi/lib/armv7e-m\libg_nano.a(lib_a-nano-vfprintf_i.o)
                0x080022fc                _printf_common
 .text._printf_i
                0x080023e8      0x24c c:/dev/gnu tools arm embedded/5.4 2016q3/bin/../lib/gcc/arm-none-eabi/5.4.1/../../../../arm-none-eabi/lib/armv7e-m\libg_nano.a(lib_a-nano-vfprintf_i.o)
                0x080023e8                _printf_i
 *fill*         0x08002634        0xc 
 .text          0x08002640       0xa0 c:/dev/gnu tools arm embedded/5.4 2016q3/bin/../lib/gcc/arm-none-eabi/5.4.1/../../../../arm-none-eabi/lib/armv7e-m\libg_nano.a(lib_a-memchr.o)
                0x08002640                memchr
 .text.memcpy   0x080026e0       0x16 c:/dev/gnu tools arm embedded/5.4 2016q3/bin/../lib/gcc/arm-none-eabi/5.4.1/../../../../arm-none-eabi/lib/armv7e-m\libg_nano.a(lib_a-memcpy-stub.o)
                0x080026e0                memcpy
 .text.memmove  0x080026f6       0x36 c:/dev/gnu tools arm embedded/5.4 2016q3/bin/../lib/gcc/arm-none-eabi/5.4.1/../../../../arm-none-eabi/lib/armv7e-m\libg_nano.a(lib_a-memmove.o)
                0x080026f6                memmove
 .text._free_r  0x0800272c       0x9c c:/dev/gnu tools arm embedded/5.4 2016q3/bin/../lib/gcc/arm-none-eabi/5.4.1/../../../../arm-none-eabi/lib/armv7e-m\libg_nano.a(lib_a-nano-freer.o)
                0x0800272c                _free_r
 .text._malloc_r
                0x080027c8       0xbc c:/dev/gnu tools arm embedded/5.4 2016q3/bin/../lib/gcc/arm-none-eabi/5.4.1/../../../../arm-none-eabi/lib/armv7e-m\libg_nano.a(lib_a-nano-mallocr.o)
                0x080027c8                _malloc_r
 .text._realloc_r
                0x08002884       0x4c c:/dev/gnu tools arm embedded/5.4 2016q3/bin/../lib/gcc/arm-none-eabi/5.4.1/../../../../arm-none-eabi/lib/armv7e-m\libg_nano.a(lib_a-nano-reallocr.o)
                0x08002884                _realloc_r
 .text._sbrk_r  0x080028d0       0x20 c:/dev/gnu tools arm embedded/5.4 2016q3/bin/../lib/gcc/arm-none-eabi/5.4.1/../../../../arm-none-eabi/lib/armv7e-m\libg_nano.a(lib_a-sbrkr.o)
                0x080028d0                _sbrk_r
 .text.__malloc_lock
                0x080028f0        0x2 c:/dev/gnu tools arm embedded/5.4 2016q3/bin/../lib/gcc/arm-none-eabi/5.4.1/../../../../arm-none-eabi/lib/armv7e-m\libg_nano.a(lib_a-mlock.o)
                0x080028f0                __malloc_lock
 .text.__malloc_unlock
                0x080028f2        0x2 c:/dev/gnu tools arm embedded/5.4 2016q3/bin/../lib/gcc/arm-none-eabi/5.4.1/../../../../arm-none-eabi/lib/armv7e-m\libg_nano.a(lib_a-mlock.o)
                0x080028f2                __malloc_unlock
 .text._malloc_usable_size_r
                0x080028f4       0x14 c:/dev/gnu tools arm embedded/5.4 2016q3/bin/../lib/gcc/arm-none-eabi/5.4.1/../../../../arm-none-eabi/lib/armv7e-m\libg_nano.a(lib_a-nano-msizer.o)
                0x080028f4                _malloc_usable_size_r
 *(.rodata .rodata.* .constdata .constdata.*)
 .rodata.str1.4
                0x08002908       0x31 ./system/src/stm32f4-hal/stm32f4xx_hal_cortex.o
 *fill*         0x08002939        0x3 
 .rodata.str1.4
                0x0800293c       0x2f ./system/src/stm32f4-hal/stm32f4xx_hal_gpio.o
 *fill*         0x0800296b        0x1 
 .rodata.str1.4
                0x0800296c       0x2e ./system/src/stm32f4-hal/stm32f4xx_hal_rcc.o
 *fill*         0x0800299a        0x2 
 .rodata.str1.4
                0x0800299c       0x2e ./system/src/stm32f4-hal/stm32f4xx_hal_tim.o
 *fill*         0x080029ca        0x2 
 .rodata.str1.4
                0x080029cc      0x146 ./system/src/cortexm/exception-handlers.o
 *fill*         0x08002b12        0x2 
 .rodata.AHBPrescTable
                0x08002b14       0x10 ./system/src/cmsis/system_stm32f4xx.o
                0x08002b14                AHBPrescTable
 .rodata.str1.4
                0x08002b24       0x30 ./src/initialize-hardware.o
                                 0x2d (size before relaxing)
 .rodata.str1.1
                0x08002b54       0x11 c:/dev/gnu tools arm embedded/5.4 2016q3/bin/../lib/gcc/arm-none-eabi/5.4.1/../../../../arm-none-eabi/lib/armv7e-m\libg_nano.a(lib_a-nano-svfprintf.o)
 .rodata.str1.1
                0x08002b65       0x22 c:/dev/gnu tools arm embedded/5.4 2016q3/bin/../lib/gcc/arm-none-eabi/5.4.1/../../../../arm-none-eabi/lib/armv7e-m\libg_nano.a(lib_a-nano-vfprintf_i.o)
 *(vtable)
 *(.eh_frame*)
 *(.glue_7)
 .glue_7        0x08002b87        0x0 linker stubs
 *(.glue_7t)
 .glue_7t       0x08002b87        0x0 linker stubs

.vfp11_veneer   0x08002b88        0x0
 .vfp11_veneer  0x08002b88        0x0 linker stubs

.v4_bx          0x08002b88        0x0
 .v4_bx         0x08002b88        0x0 linker stubs

.iplt           0x08002b88        0x0
 .iplt          0x08002b88        0x0 ./system/src/stm32f4-hal/stm32f4xx_hal.o

.ARM.extab
 *(.ARM.extab* .gnu.linkonce.armextab.*)
                0x08002b88                . = ALIGN (0x4)
                0x08002b88                __exidx_start = .

.ARM.exidx      0x08002b88        0x8
 *(.ARM.exidx* .gnu.linkonce.armexidx.*)
 .ARM.exidx     0x08002b88        0x8 c:/dev/gnu tools arm embedded/5.4 2016q3/bin/../lib/gcc/arm-none-eabi/5.4.1/armv7e-m\libgcc.a(_udivmoddi4.o)
                0x08002b90                __exidx_end = .

.rel.dyn        0x08002b90        0x0
 .rel.iplt      0x08002b90        0x0 ./system/src/stm32f4-hal/stm32f4xx_hal.o
                0x08002b90                . = ALIGN (0x4)
                0x08002b90                _etext = .
                0x08002b90                __etext = .

.data_CCMRAM    0x10000000        0x0 load address 0x08002b90
 FILL mask 0xff
 *(.data.CCMRAM .data.CCMRAM.*)
                0x10000000                . = ALIGN (0x4)
                0x08002b90                _sidata = LOADADDR (.data)

.data           0x20000000       0x80 load address 0x08002b90
 FILL mask 0xff
                0x20000000                _sdata = .
                0x20000000                __data_start__ = .
 *(.data_begin .data_begin.*)
 .data_begin    0x20000000        0x4 ./system/src/newlib/startup.o
 *(.data .data.*)
 .data.uwTickPrio
                0x20000004        0x4 ./system/src/stm32f4-hal/stm32f4xx_hal.o
                0x20000004                uwTickPrio
 .data.uwTickFreq
                0x20000008        0x1 ./system/src/stm32f4-hal/stm32f4xx_hal.o
                0x20000008                uwTickFreq
 *fill*         0x20000009        0x3 ff
 .data.argv.4290
                0x2000000c        0x8 ./system/src/newlib/syscalls.o
 .data.SystemCoreClock
                0x20000014        0x4 ./system/src/cmsis/system_stm32f4xx.o
                0x20000014                SystemCoreClock
 .data.impure_data
                0x20000018       0x60 c:/dev/gnu tools arm embedded/5.4 2016q3/bin/../lib/gcc/arm-none-eabi/5.4.1/../../../../arm-none-eabi/lib/armv7e-m\libg_nano.a(lib_a-impure.o)
 .data._impure_ptr
                0x20000078        0x4 c:/dev/gnu tools arm embedded/5.4 2016q3/bin/../lib/gcc/arm-none-eabi/5.4.1/../../../../arm-none-eabi/lib/armv7e-m\libg_nano.a(lib_a-impure.o)
                0x20000078                _impure_ptr
 *(.data_end .data_end.*)
 .data_end      0x2000007c        0x4 ./system/src/newlib/startup.o
                0x20000080                . = ALIGN (0x4)
                0x20000080                _edata = .
                0x20000080                __data_end__ = .

.igot.plt       0x20000080        0x0 load address 0x08002c10
 .igot.plt      0x20000080        0x0 ./system/src/stm32f4-hal/stm32f4xx_hal.o

.bss_CCMRAM     0x10000000        0x0
 *(.bss.CCMRAM .bss.CCMRAM.*)

.bss            0x20000080       0xa0
                0x20000080                __bss_start__ = .
                0x20000080                _sbss = .
 *(.bss_begin .bss_begin.*)
 .bss_begin     0x20000080        0x4 ./system/src/newlib/startup.o
 *(.bss .bss.*)
 .bss.current_heap_end.3974
                0x20000084        0x4 ./system/src/newlib/sbrk.o
 .bss.name.4289
                0x20000088        0x1 ./system/src/newlib/syscalls.o
 *fill*         0x20000089        0x3 
 .bss.buf.5179  0x2000008c       0x80 ./system/src/diag/trace.o
 .bss.__malloc_sbrk_start
                0x2000010c        0x4 c:/dev/gnu tools arm embedded/5.4 2016q3/bin/../lib/gcc/arm-none-eabi/5.4.1/../../../../arm-none-eabi/lib/armv7e-m\libg_nano.a(lib_a-nano-mallocr.o)
                0x2000010c                __malloc_sbrk_start
 .bss.__malloc_free_list
                0x20000110        0x4 c:/dev/gnu tools arm embedded/5.4 2016q3/bin/../lib/gcc/arm-none-eabi/5.4.1/../../../../arm-none-eabi/lib/armv7e-m\libg_nano.a(lib_a-nano-mallocr.o)
                0x20000110                __malloc_free_list
 *(COMMON)
 COMMON         0x20000114        0x4 ./system/src/stm32f4-hal/stm32f4xx_hal.o
                0x20000114                uwTick
 COMMON         0x20000118        0x4 ./system/src/newlib/syscalls.o
                0x20000118                errno
 *(.bss_end .bss_end.*)
 .bss_end       0x2000011c        0x4 ./system/src/newlib/startup.o
                0x20000120                . = ALIGN (0x4)
                0x20000120                __bss_end__ = .
                0x20000120                _ebss = .

.noinit_CCMRAM
 *(.noinit.CCMRAM .noinit.CCMRAM.*)

.noinit         0x20000120        0x0
                0x20000120                _noinit = .
 *(.noinit .noinit.*)
                0x20000120                . = ALIGN (0x4)
                0x20000120                _end_noinit = .
                [!provide]                PROVIDE (end, _end_noinit)
                [!provide]                PROVIDE (_end, _end_noinit)
                [!provide]                PROVIDE (__end, _end_noinit)
                [!provide]                PROVIDE (__end__, _end_noinit)

._check_stack   0x20000120      0x100
                0x20000220                . = (. + _Minimum_Stack_Size)
 *fill*         0x20000120      0x100 

.b1text
 *(.b1text)
 *(.b1rodata)
 *(.b1rodata.*)

.eb0text
 *(.eb0text)
 *(.eb0rodata)
 *(.eb0rodata.*)

.eb1text
 *(.eb1text)
 *(.eb1rodata)
 *(.eb1rodata.*)

.eb2text
 *(.eb2text)
 *(.eb2rodata)
 *(.eb2rodata.*)

.eb3text
 *(.eb3text)
 *(.eb3rodata)
 *(.eb3rodata.*)

.stab
 *(.stab)

.stabstr
 *(.stabstr)

.stab.excl
 *(.stab.excl)

.stab.exclstr
 *(.stab.exclstr)

.stab.index
 *(.stab.index)

.stab.indexstr
 *(.stab.indexstr)

.comment        0x00000000       0x6e
 *(.comment)
 .comment       0x00000000       0x6e ./system/src/stm32f4-hal/stm32f4xx_hal.o
                                 0x6f (size before relaxing)
 .comment       0x0000006e       0x6f ./system/src/stm32f4-hal/stm32f4xx_hal_cortex.o
 .comment       0x0000006e       0x6f ./system/src/stm32f4-hal/stm32f4xx_hal_gpio.o
 .comment       0x0000006e       0x6f ./system/src/stm32f4-hal/stm32f4xx_hal_rcc.o
 .comment       0x0000006e       0x6f ./system/src/stm32f4-hal/stm32f4xx_hal_tim.o
 .comment       0x0000006e       0x6f ./system/src/newlib/exit.o
 .comment       0x0000006e       0x6f ./system/src/newlib/sbrk.o
 .comment       0x0000006e       0x6f ./system/src/newlib/startup.o
 .comment       0x0000006e       0x6f ./system/src/newlib/syscalls.o
 .comment       0x0000006e       0x6f ./system/src/diag/trace-impl.o
 .comment       0x0000006e       0x6f ./system/src/diag/trace.o
 .comment       0x0000006e       0x6f ./system/src/cortexm/exception-handlers.o
 .comment       0x0000006e       0x6f ./system/src/cortexm/initialize-hardware.o
 .comment       0x0000006e       0x6f ./system/src/cmsis/system_stm32f4xx.o
 .comment       0x0000006e       0x6f ./system/src/cmsis/vectors_stm32f407xx.o
 .comment       0x0000006e       0x6f ./src/LED_Control.o
 .comment       0x0000006e       0x6f ./src/clock_control.o
 .comment       0x0000006e       0x6f ./src/initialize-hardware.o
 .comment       0x0000006e       0x6f ./src/main.o
 .comment       0x0000006e       0x6f ./src/stm32f4xx_hal_msp.o

.ARM.attributes
                0x00000000       0x31
 .ARM.attributes
                0x00000000       0x33 ./system/src/stm32f4-hal/stm32f4xx_hal.o
 .ARM.attributes
                0x00000033       0x33 ./system/src/stm32f4-hal/stm32f4xx_hal_cortex.o
 .ARM.attributes
                0x00000066       0x33 ./system/src/stm32f4-hal/stm32f4xx_hal_gpio.o
 .ARM.attributes
                0x00000099       0x33 ./system/src/stm32f4-hal/stm32f4xx_hal_rcc.o
 .ARM.attributes
                0x000000cc       0x33 ./system/src/stm32f4-hal/stm32f4xx_hal_tim.o
 .ARM.attributes
                0x000000ff       0x33 ./system/src/newlib/exit.o
 .ARM.attributes
                0x00000132       0x33 ./system/src/newlib/sbrk.o
 .ARM.attributes
                0x00000165       0x33 ./system/src/newlib/startup.o
 .ARM.attributes
                0x00000198       0x33 ./system/src/newlib/syscalls.o
 .ARM.attributes
                0x000001cb       0x33 ./system/src/diag/trace-impl.o
 .ARM.attributes
                0x000001fe       0x33 ./system/src/diag/trace.o
 .ARM.attributes
                0x00000231       0x33 ./system/src/cortexm/exception-handlers.o
 .ARM.attributes
                0x00000264       0x33 ./system/src/cortexm/initialize-hardware.o
 .ARM.attributes
                0x00000297       0x33 ./system/src/cmsis/system_stm32f4xx.o
 .ARM.attributes
                0x000002ca       0x33 ./system/src/cmsis/vectors_stm32f407xx.o
 .ARM.attributes
                0x000002fd       0x33 ./src/LED_Control.o
 .ARM.attributes
                0x00000330       0x33 ./src/clock_control.o
 .ARM.attributes
                0x00000363       0x33 ./src/initialize-hardware.o
 .ARM.attributes
                0x00000396       0x33 ./src/main.o
 .ARM.attributes
                0x000003c9       0x33 ./src/stm32f4xx_hal_msp.o
 .ARM.attributes
                0x000003fc       0x1e c:/dev/gnu tools arm embedded/5.4 2016q3/bin/../lib/gcc/arm-none-eabi/5.4.1/armv7e-m\libgcc.a(_aeabi_uldivmod.o)
 .ARM.attributes
                0x0000041a       0x2e c:/dev/gnu tools arm embedded/5.4 2016q3/bin/../lib/gcc/arm-none-eabi/5.4.1/armv7e-m\libgcc.a(_udivmoddi4.o)
 .ARM.attributes
                0x00000448       0x1e c:/dev/gnu tools arm embedded/5.4 2016q3/bin/../lib/gcc/arm-none-eabi/5.4.1/armv7e-m\libgcc.a(_dvmd_tls.o)
 .ARM.attributes
                0x00000466       0x2e c:/dev/gnu tools arm embedded/5.4 2016q3/bin/../lib/gcc/arm-none-eabi/5.4.1/../../../../arm-none-eabi/lib/armv7e-m\libg_nano.a(lib_a-errno.o)
 .ARM.attributes
                0x00000494       0x2e c:/dev/gnu tools arm embedded/5.4 2016q3/bin/../lib/gcc/arm-none-eabi/5.4.1/../../../../arm-none-eabi/lib/armv7e-m\libg_nano.a(lib_a-impure.o)
 .ARM.attributes
                0x000004c2       0x2e c:/dev/gnu tools arm embedded/5.4 2016q3/bin/../lib/gcc/arm-none-eabi/5.4.1/../../../../arm-none-eabi/lib/armv7e-m\libg_nano.a(lib_a-vsnprintf.o)
 .ARM.attributes
                0x000004f0       0x2e c:/dev/gnu tools arm embedded/5.4 2016q3/bin/../lib/gcc/arm-none-eabi/5.4.1/../../../../arm-none-eabi/lib/armv7e-m\libg_nano.a(lib_a-nano-svfprintf.o)
 .ARM.attributes
                0x0000051e       0x2e c:/dev/gnu tools arm embedded/5.4 2016q3/bin/../lib/gcc/arm-none-eabi/5.4.1/../../../../arm-none-eabi/lib/armv7e-m\libg_nano.a(lib_a-nano-vfprintf_i.o)
 .ARM.attributes
                0x0000054c       0x1c c:/dev/gnu tools arm embedded/5.4 2016q3/bin/../lib/gcc/arm-none-eabi/5.4.1/../../../../arm-none-eabi/lib/armv7e-m\libg_nano.a(lib_a-memchr.o)
 .ARM.attributes
                0x00000568       0x2e c:/dev/gnu tools arm embedded/5.4 2016q3/bin/../lib/gcc/arm-none-eabi/5.4.1/../../../../arm-none-eabi/lib/armv7e-m\libg_nano.a(lib_a-memcpy-stub.o)
 .ARM.attributes
                0x00000596       0x2e c:/dev/gnu tools arm embedded/5.4 2016q3/bin/../lib/gcc/arm-none-eabi/5.4.1/../../../../arm-none-eabi/lib/armv7e-m\libg_nano.a(lib_a-memmove.o)
 .ARM.attributes
                0x000005c4       0x2e c:/dev/gnu tools arm embedded/5.4 2016q3/bin/../lib/gcc/arm-none-eabi/5.4.1/../../../../arm-none-eabi/lib/armv7e-m\libg_nano.a(lib_a-nano-freer.o)
 .ARM.attributes
                0x000005f2       0x2e c:/dev/gnu tools arm embedded/5.4 2016q3/bin/../lib/gcc/arm-none-eabi/5.4.1/../../../../arm-none-eabi/lib/armv7e-m\libg_nano.a(lib_a-nano-mallocr.o)
 .ARM.attributes
                0x00000620       0x2e c:/dev/gnu tools arm embedded/5.4 2016q3/bin/../lib/gcc/arm-none-eabi/5.4.1/../../../../arm-none-eabi/lib/armv7e-m\libg_nano.a(lib_a-nano-reallocr.o)
 .ARM.attributes
                0x0000064e       0x2e c:/dev/gnu tools arm embedded/5.4 2016q3/bin/../lib/gcc/arm-none-eabi/5.4.1/../../../../arm-none-eabi/lib/armv7e-m\libg_nano.a(lib_a-sbrkr.o)
 .ARM.attributes
                0x0000067c       0x2e c:/dev/gnu tools arm embedded/5.4 2016q3/bin/../lib/gcc/arm-none-eabi/5.4.1/../../../../arm-none-eabi/lib/armv7e-m\libg_nano.a(lib_a-mlock.o)
 .ARM.attributes
                0x000006aa       0x2e c:/dev/gnu tools arm embedded/5.4 2016q3/bin/../lib/gcc/arm-none-eabi/5.4.1/../../../../arm-none-eabi/lib/armv7e-m\libg_nano.a(lib_a-nano-msizer.o)

.debug
 *(.debug)

.line
 *(.line)

.debug_srcinfo
 *(.debug_srcinfo)

.debug_sfnames
 *(.debug_sfnames)

.debug_aranges  0x00000000      0x928
 *(.debug_aranges)
 .debug_aranges
                0x00000000       0xf0 ./system/src/stm32f4-hal/stm32f4xx_hal.o
 .debug_aranges
                0x000000f0       0xa8 ./system/src/stm32f4-hal/stm32f4xx_hal_cortex.o
 .debug_aranges
                0x00000198       0x58 ./system/src/stm32f4-hal/stm32f4xx_hal_gpio.o
 .debug_aranges
                0x000001f0       0x88 ./system/src/stm32f4-hal/stm32f4xx_hal_rcc.o
 .debug_aranges
                0x00000278      0x3a8 ./system/src/stm32f4-hal/stm32f4xx_hal_tim.o
 .debug_aranges
                0x00000620       0x28 ./system/src/newlib/exit.o
 .debug_aranges
                0x00000648       0x20 ./system/src/newlib/sbrk.o
 .debug_aranges
                0x00000668       0x40 ./system/src/newlib/startup.o
 .debug_aranges
                0x000006a8       0x30 ./system/src/newlib/syscalls.o
 .debug_aranges
                0x000006d8       0x30 ./system/src/diag/trace-impl.o
 .debug_aranges
                0x00000708       0x38 ./system/src/diag/trace.o
 .debug_aranges
                0x00000740       0x90 ./system/src/cortexm/exception-handlers.o
 .debug_aranges
                0x000007d0       0x28 ./system/src/cortexm/initialize-hardware.o
 .debug_aranges
                0x000007f8       0x28 ./system/src/cmsis/system_stm32f4xx.o
 .debug_aranges
                0x00000820       0x20 ./system/src/cmsis/vectors_stm32f407xx.o
 .debug_aranges
                0x00000840       0x38 ./src/LED_Control.o
 .debug_aranges
                0x00000878       0x20 ./src/clock_control.o
 .debug_aranges
                0x00000898       0x30 ./src/initialize-hardware.o
 .debug_aranges
                0x000008c8       0x28 ./src/main.o
 .debug_aranges
                0x000008f0       0x38 ./src/stm32f4xx_hal_msp.o

.debug_pubnames
 *(.debug_pubnames)

.debug_info     0x00000000     0xb469
 *(.debug_info .gnu.linkonce.wi.*)
 .debug_info    0x00000000      0x9a3 ./system/src/stm32f4-hal/stm32f4xx_hal.o
 .debug_info    0x000009a3     0x1174 ./system/src/stm32f4-hal/stm32f4xx_hal_cortex.o
 .debug_info    0x00001b17      0x862 ./system/src/stm32f4-hal/stm32f4xx_hal_gpio.o
 .debug_info    0x00002379      0xcb8 ./system/src/stm32f4-hal/stm32f4xx_hal_rcc.o
 .debug_info    0x00003031     0x4676 ./system/src/stm32f4-hal/stm32f4xx_hal_tim.o
 .debug_info    0x000076a7       0xef ./system/src/newlib/exit.o
 .debug_info    0x00007796      0x11f ./system/src/newlib/sbrk.o
 .debug_info    0x000078b5      0x4f2 ./system/src/newlib/startup.o
 .debug_info    0x00007da7      0x1c7 ./system/src/newlib/syscalls.o
 .debug_info    0x00007f6e      0x30b ./system/src/diag/trace-impl.o
 .debug_info    0x00008279      0x2e7 ./system/src/diag/trace.o
 .debug_info    0x00008560      0x8f4 ./system/src/cortexm/exception-handlers.o
 .debug_info    0x00008e54      0x2b8 ./system/src/cortexm/initialize-hardware.o
 .debug_info    0x0000910c      0x4d8 ./system/src/cmsis/system_stm32f4xx.o
 .debug_info    0x000095e4       0xd1 ./system/src/cmsis/vectors_stm32f407xx.o
 .debug_info    0x000096b5      0xbe1 ./src/LED_Control.o
 .debug_info    0x0000a296       0xb4 ./src/clock_control.o
 .debug_info    0x0000a34a      0x54f ./src/initialize-hardware.o
 .debug_info    0x0000a899      0xaf2 ./src/main.o
 .debug_info    0x0000b38b       0xde ./src/stm32f4xx_hal_msp.o

.debug_abbrev   0x00000000     0x1d60
 *(.debug_abbrev)
 .debug_abbrev  0x00000000      0x1ef ./system/src/stm32f4-hal/stm32f4xx_hal.o
 .debug_abbrev  0x000001ef      0x324 ./system/src/stm32f4-hal/stm32f4xx_hal_cortex.o
 .debug_abbrev  0x00000513      0x213 ./system/src/stm32f4-hal/stm32f4xx_hal_gpio.o
 .debug_abbrev  0x00000726      0x282 ./system/src/stm32f4-hal/stm32f4xx_hal_rcc.o
 .debug_abbrev  0x000009a8      0x20a ./system/src/stm32f4-hal/stm32f4xx_hal_tim.o
 .debug_abbrev  0x00000bb2       0x8e ./system/src/newlib/exit.o
 .debug_abbrev  0x00000c40       0xb9 ./system/src/newlib/sbrk.o
 .debug_abbrev  0x00000cf9      0x1b6 ./system/src/newlib/startup.o
 .debug_abbrev  0x00000eaf       0xec ./system/src/newlib/syscalls.o
 .debug_abbrev  0x00000f9b      0x1c8 ./system/src/diag/trace-impl.o
 .debug_abbrev  0x00001163      0x156 ./system/src/diag/trace.o
 .debug_abbrev  0x000012b9      0x247 ./system/src/cortexm/exception-handlers.o
 .debug_abbrev  0x00001500       0xea ./system/src/cortexm/initialize-hardware.o
 .debug_abbrev  0x000015ea      0x104 ./system/src/cmsis/system_stm32f4xx.o
 .debug_abbrev  0x000016ee       0x9d ./system/src/cmsis/vectors_stm32f407xx.o
 .debug_abbrev  0x0000178b      0x16b ./src/LED_Control.o
 .debug_abbrev  0x000018f6       0x8e ./src/clock_control.o
 .debug_abbrev  0x00001984      0x181 ./src/initialize-hardware.o
 .debug_abbrev  0x00001b05      0x1f1 ./src/main.o
 .debug_abbrev  0x00001cf6       0x6a ./src/stm32f4xx_hal_msp.o

.debug_line     0x00000000     0xc3de
 *(.debug_line)
 .debug_line    0x00000000      0xa35 ./system/src/stm32f4-hal/stm32f4xx_hal.o
 .debug_line    0x00000a35      0xaea ./system/src/stm32f4-hal/stm32f4xx_hal_cortex.o
 .debug_line    0x0000151f      0xb4c ./system/src/stm32f4-hal/stm32f4xx_hal_gpio.o
 .debug_line    0x0000206b      0xc1b ./system/src/stm32f4-hal/stm32f4xx_hal_rcc.o
 .debug_line    0x00002c86     0x35e7 ./system/src/stm32f4-hal/stm32f4xx_hal_tim.o
 .debug_line    0x0000626d      0x2fc ./system/src/newlib/exit.o
 .debug_line    0x00006569      0x2ad ./system/src/newlib/sbrk.o
 .debug_line    0x00006816      0x375 ./system/src/newlib/startup.o
 .debug_line    0x00006b8b      0x3b8 ./system/src/newlib/syscalls.o
 .debug_line    0x00006f43      0xad3 ./system/src/diag/trace-impl.o
 .debug_line    0x00007a16      0x36b ./system/src/diag/trace.o
 .debug_line    0x00007d81      0xb7d ./system/src/cortexm/exception-handlers.o
 .debug_line    0x000088fe      0x85e ./system/src/cortexm/initialize-hardware.o
 .debug_line    0x0000915c      0x859 ./system/src/cmsis/system_stm32f4xx.o
 .debug_line    0x000099b5       0xf6 ./system/src/cmsis/vectors_stm32f407xx.o
 .debug_line    0x00009aab      0xb2f ./src/LED_Control.o
 .debug_line    0x0000a5da       0x64 ./src/clock_control.o
 .debug_line    0x0000a63e      0xa7f ./src/initialize-hardware.o
 .debug_line    0x0000b0bd      0xaca ./src/main.o
 .debug_line    0x0000bb87      0x857 ./src/stm32f4xx_hal_msp.o

.debug_frame    0x00000000     0x19d0
 *(.debug_frame)
 .debug_frame   0x00000000      0x1f0 ./system/src/stm32f4-hal/stm32f4xx_hal.o
 .debug_frame   0x000001f0      0x19c ./system/src/stm32f4-hal/stm32f4xx_hal_cortex.o
 .debug_frame   0x0000038c       0xf8 ./system/src/stm32f4-hal/stm32f4xx_hal_gpio.o
 .debug_frame   0x00000484      0x170 ./system/src/stm32f4-hal/stm32f4xx_hal_rcc.o
 .debug_frame   0x000005f4      0xb18 ./system/src/stm32f4-hal/stm32f4xx_hal_tim.o
 .debug_frame   0x0000110c       0x38 ./system/src/newlib/exit.o
 .debug_frame   0x00001144       0x28 ./system/src/newlib/sbrk.o
 .debug_frame   0x0000116c       0x7c ./system/src/newlib/startup.o
 .debug_frame   0x000011e8       0x50 ./system/src/newlib/syscalls.o
 .debug_frame   0x00001238       0x60 ./system/src/diag/trace-impl.o
 .debug_frame   0x00001298       0x94 ./system/src/diag/trace.o
 .debug_frame   0x0000132c      0x158 ./system/src/cortexm/exception-handlers.o
 .debug_frame   0x00001484       0x40 ./system/src/cortexm/initialize-hardware.o
 .debug_frame   0x000014c4       0x30 ./system/src/cmsis/system_stm32f4xx.o
 .debug_frame   0x000014f4       0x20 ./system/src/cmsis/vectors_stm32f407xx.o
 .debug_frame   0x00001514       0x74 ./src/LED_Control.o
 .debug_frame   0x00001588       0x2c ./src/clock_control.o
 .debug_frame   0x000015b4       0x60 ./src/initialize-hardware.o
 .debug_frame   0x00001614       0x48 ./src/main.o
 .debug_frame   0x0000165c       0x50 ./src/stm32f4xx_hal_msp.o
 .debug_frame   0x000016ac       0x2c c:/dev/gnu tools arm embedded/5.4 2016q3/bin/../lib/gcc/arm-none-eabi/5.4.1/armv7e-m\libgcc.a(_aeabi_uldivmod.o)
 .debug_frame   0x000016d8       0x34 c:/dev/gnu tools arm embedded/5.4 2016q3/bin/../lib/gcc/arm-none-eabi/5.4.1/armv7e-m\libgcc.a(_udivmoddi4.o)
 .debug_frame   0x0000170c       0x20 c:/dev/gnu tools arm embedded/5.4 2016q3/bin/../lib/gcc/arm-none-eabi/5.4.1/../../../../arm-none-eabi/lib/armv7e-m\libg_nano.a(lib_a-errno.o)
 .debug_frame   0x0000172c       0x48 c:/dev/gnu tools arm embedded/5.4 2016q3/bin/../lib/gcc/arm-none-eabi/5.4.1/../../../../arm-none-eabi/lib/armv7e-m\libg_nano.a(lib_a-vsnprintf.o)
 .debug_frame   0x00001774       0x90 c:/dev/gnu tools arm embedded/5.4 2016q3/bin/../lib/gcc/arm-none-eabi/5.4.1/../../../../arm-none-eabi/lib/armv7e-m\libg_nano.a(lib_a-nano-svfprintf.o)
 .debug_frame   0x00001804       0x60 c:/dev/gnu tools arm embedded/5.4 2016q3/bin/../lib/gcc/arm-none-eabi/5.4.1/../../../../arm-none-eabi/lib/armv7e-m\libg_nano.a(lib_a-nano-vfprintf_i.o)
 .debug_frame   0x00001864       0x28 c:/dev/gnu tools arm embedded/5.4 2016q3/bin/../lib/gcc/arm-none-eabi/5.4.1/../../../../arm-none-eabi/lib/armv7e-m\libg_nano.a(lib_a-memcpy-stub.o)
 .debug_frame   0x0000188c       0x28 c:/dev/gnu tools arm embedded/5.4 2016q3/bin/../lib/gcc/arm-none-eabi/5.4.1/../../../../arm-none-eabi/lib/armv7e-m\libg_nano.a(lib_a-memmove.o)
 .debug_frame   0x000018b4       0x38 c:/dev/gnu tools arm embedded/5.4 2016q3/bin/../lib/gcc/arm-none-eabi/5.4.1/../../../../arm-none-eabi/lib/armv7e-m\libg_nano.a(lib_a-nano-freer.o)
 .debug_frame   0x000018ec       0x2c c:/dev/gnu tools arm embedded/5.4 2016q3/bin/../lib/gcc/arm-none-eabi/5.4.1/../../../../arm-none-eabi/lib/armv7e-m\libg_nano.a(lib_a-nano-mallocr.o)
 .debug_frame   0x00001918       0x3c c:/dev/gnu tools arm embedded/5.4 2016q3/bin/../lib/gcc/arm-none-eabi/5.4.1/../../../../arm-none-eabi/lib/armv7e-m\libg_nano.a(lib_a-nano-reallocr.o)
 .debug_frame   0x00001954       0x2c c:/dev/gnu tools arm embedded/5.4 2016q3/bin/../lib/gcc/arm-none-eabi/5.4.1/../../../../arm-none-eabi/lib/armv7e-m\libg_nano.a(lib_a-sbrkr.o)
 .debug_frame   0x00001980       0x30 c:/dev/gnu tools arm embedded/5.4 2016q3/bin/../lib/gcc/arm-none-eabi/5.4.1/../../../../arm-none-eabi/lib/armv7e-m\libg_nano.a(lib_a-mlock.o)
 .debug_frame   0x000019b0       0x20 c:/dev/gnu tools arm embedded/5.4 2016q3/bin/../lib/gcc/arm-none-eabi/5.4.1/../../../../arm-none-eabi/lib/armv7e-m\libg_nano.a(lib_a-nano-msizer.o)

.debug_str      0x00000000    0xf6608
 *(.debug_str)
 .debug_str     0x00000000    0xedf73 ./system/src/stm32f4-hal/stm32f4xx_hal.o
                              0xee314 (size before relaxing)
 .debug_str     0x000edf73      0x39c ./system/src/stm32f4-hal/stm32f4xx_hal_cortex.o
                              0xee036 (size before relaxing)
 .debug_str     0x000ee30f      0x27d ./system/src/stm32f4-hal/stm32f4xx_hal_gpio.o
                              0xed9a5 (size before relaxing)
 .debug_str     0x000ee58c      0x39f ./system/src/stm32f4-hal/stm32f4xx_hal_rcc.o
                              0xedba6 (size before relaxing)
 .debug_str     0x000ee92b     0x115d ./system/src/stm32f4-hal/stm32f4xx_hal_tim.o
                              0xee8c5 (size before relaxing)
 .debug_str     0x000efa88     0x456c ./system/src/newlib/exit.o
                               0x6ed3 (size before relaxing)
 .debug_str     0x000f3ff4      0x4dd ./system/src/newlib/sbrk.o
                               0x62be (size before relaxing)
 .debug_str     0x000f44d1      0x2cb ./system/src/newlib/startup.o
                               0x5ed9 (size before relaxing)
 .debug_str     0x000f479c      0xe17 ./system/src/newlib/syscalls.o
                               0x711e (size before relaxing)
 .debug_str     0x000f55b3      0x387 ./system/src/diag/trace-impl.o
                              0xf11aa (size before relaxing)
 .debug_str     0x000f593a      0x884 ./system/src/diag/trace.o
                               0x76c4 (size before relaxing)
 .debug_str     0x000f61be      0x19d ./system/src/cortexm/exception-handlers.o
                              0xf1f6c (size before relaxing)
 .debug_str     0x000f635b       0x5d ./system/src/cortexm/initialize-hardware.o
                              0xed6b3 (size before relaxing)
 .debug_str     0x000f63b8       0x46 ./system/src/cmsis/system_stm32f4xx.o
                              0xed7a1 (size before relaxing)
 .debug_str     0x000f63fe       0x59 ./system/src/cmsis/vectors_stm32f407xx.o
                               0x3091 (size before relaxing)
 .debug_str     0x000f6457       0xac ./src/LED_Control.o
                              0xf2368 (size before relaxing)
 .debug_str     0x000f6503       0x30 ./src/clock_control.o
                               0x25a7 (size before relaxing)
 .debug_str     0x000f6533       0x35 ./src/initialize-hardware.o
                              0xf112f (size before relaxing)
 .debug_str     0x000f6568       0x63 ./src/main.o
                              0xf2924 (size before relaxing)
 .debug_str     0x000f65cb       0x3d ./src/stm32f4xx_hal_msp.o
                              0xed5f3 (size before relaxing)

.debug_loc      0x00000000     0x4527
 *(.debug_loc)
 .debug_loc     0x00000000       0xf3 ./system/src/stm32f4-hal/stm32f4xx_hal.o
 .debug_loc     0x000000f3      0x5b7 ./system/src/stm32f4-hal/stm32f4xx_hal_cortex.o
 .debug_loc     0x000006aa      0x4a1 ./system/src/stm32f4-hal/stm32f4xx_hal_gpio.o
 .debug_loc     0x00000b4b      0x481 ./system/src/stm32f4-hal/stm32f4xx_hal_rcc.o
 .debug_loc     0x00000fcc     0x28ef ./system/src/stm32f4-hal/stm32f4xx_hal_tim.o
 .debug_loc     0x000038bb       0x82 ./system/src/newlib/sbrk.o
 .debug_loc     0x0000393d      0x36e ./system/src/newlib/startup.o
 .debug_loc     0x00003cab       0x63 ./system/src/newlib/syscalls.o
 .debug_loc     0x00003d0e      0x17c ./system/src/diag/trace-impl.o
 .debug_loc     0x00003e8a      0x102 ./system/src/diag/trace.o
 .debug_loc     0x00003f8c      0x2a8 ./system/src/cortexm/exception-handlers.o
 .debug_loc     0x00004234      0x132 ./system/src/cmsis/system_stm32f4xx.o
 .debug_loc     0x00004366       0x78 ./src/LED_Control.o
 .debug_loc     0x000043de       0xaf ./src/clock_control.o
 .debug_loc     0x0000448d       0x58 ./src/initialize-hardware.o
 .debug_loc     0x000044e5       0x42 ./src/main.o

.debug_macinfo
 *(.debug_macinfo)

.debug_weaknames
 *(.debug_weaknames)

.debug_funcnames
 *(.debug_funcnames)

.debug_typenames
 *(.debug_typenames)

.debug_varnames
 *(.debug_varnames)
OUTPUT(ECE299_Control_Code.elf elf32-littlearm)

.debug_ranges   0x00000000      0x830
 .debug_ranges  0x00000000       0xe0 ./system/src/stm32f4-hal/stm32f4xx_hal.o
 .debug_ranges  0x000000e0       0x98 ./system/src/stm32f4-hal/stm32f4xx_hal_cortex.o
 .debug_ranges  0x00000178       0x48 ./system/src/stm32f4-hal/stm32f4xx_hal_gpio.o
 .debug_ranges  0x000001c0       0x90 ./system/src/stm32f4-hal/stm32f4xx_hal_rcc.o
 .debug_ranges  0x00000250      0x398 ./system/src/stm32f4-hal/stm32f4xx_hal_tim.o
 .debug_ranges  0x000005e8       0x18 ./system/src/newlib/exit.o
 .debug_ranges  0x00000600       0x10 ./system/src/newlib/sbrk.o
 .debug_ranges  0x00000610       0x30 ./system/src/newlib/startup.o
 .debug_ranges  0x00000640       0x20 ./system/src/newlib/syscalls.o
 .debug_ranges  0x00000660       0x38 ./system/src/diag/trace-impl.o
 .debug_ranges  0x00000698       0x28 ./system/src/diag/trace.o
 .debug_ranges  0x000006c0       0x98 ./system/src/cortexm/exception-handlers.o
 .debug_ranges  0x00000758       0x18 ./system/src/cortexm/initialize-hardware.o
 .debug_ranges  0x00000770       0x18 ./system/src/cmsis/system_stm32f4xx.o
 .debug_ranges  0x00000788       0x10 ./system/src/cmsis/vectors_stm32f407xx.o
 .debug_ranges  0x00000798       0x28 ./src/LED_Control.o
 .debug_ranges  0x000007c0       0x10 ./src/clock_control.o
 .debug_ranges  0x000007d0       0x20 ./src/initialize-hardware.o
 .debug_ranges  0x000007f0       0x18 ./src/main.o
 .debug_ranges  0x00000808       0x28 ./src/stm32f4xx_hal_msp.o

.debug_macro    0x00000000    0x28c8c
 .debug_macro   0x00000000      0x40d ./system/src/stm32f4-hal/stm32f4xx_hal.o
 .debug_macro   0x0000040d      0x898 ./system/src/stm32f4-hal/stm32f4xx_hal.o
 .debug_macro   0x00000ca5      0x3a2 ./system/src/stm32f4-hal/stm32f4xx_hal.o
 .debug_macro   0x00001047       0x2e ./system/src/stm32f4-hal/stm32f4xx_hal.o
 .debug_macro   0x00001075       0x2f ./system/src/stm32f4-hal/stm32f4xx_hal.o
 .debug_macro   0x000010a4      0x34e ./system/src/stm32f4-hal/stm32f4xx_hal.o
 .debug_macro   0x000013f2       0x1c ./system/src/stm32f4-hal/stm32f4xx_hal.o
 .debug_macro   0x0000140e       0x22 ./system/src/stm32f4-hal/stm32f4xx_hal.o
 .debug_macro   0x00001430       0xdf ./system/src/stm32f4-hal/stm32f4xx_hal.o
 .debug_macro   0x0000150f     0x102d ./system/src/stm32f4-hal/stm32f4xx_hal.o
 .debug_macro   0x0000253c      0x11f ./system/src/stm32f4-hal/stm32f4xx_hal.o
 .debug_macro   0x0000265b    0x15e3c ./system/src/stm32f4-hal/stm32f4xx_hal.o
 .debug_macro   0x00018497       0x43 ./system/src/stm32f4-hal/stm32f4xx_hal.o
 .debug_macro   0x000184da     0x3659 ./system/src/stm32f4-hal/stm32f4xx_hal.o
 .debug_macro   0x0001bb33      0x174 ./system/src/stm32f4-hal/stm32f4xx_hal.o
 .debug_macro   0x0001bca7       0x5a ./system/src/stm32f4-hal/stm32f4xx_hal.o
 .debug_macro   0x0001bd01      0x96b ./system/src/stm32f4-hal/stm32f4xx_hal.o
 .debug_macro   0x0001c66c      0x9fe ./system/src/stm32f4-hal/stm32f4xx_hal.o
 .debug_macro   0x0001d06a      0x117 ./system/src/stm32f4-hal/stm32f4xx_hal.o
 .debug_macro   0x0001d181      0x13e ./system/src/stm32f4-hal/stm32f4xx_hal.o
 .debug_macro   0x0001d2bf       0x27 ./system/src/stm32f4-hal/stm32f4xx_hal.o
 .debug_macro   0x0001d2e6      0x174 ./system/src/stm32f4-hal/stm32f4xx_hal.o
 .debug_macro   0x0001d45a      0x287 ./system/src/stm32f4-hal/stm32f4xx_hal.o
 .debug_macro   0x0001d6e1       0x5f ./system/src/stm32f4-hal/stm32f4xx_hal.o
 .debug_macro   0x0001d740      0x236 ./system/src/stm32f4-hal/stm32f4xx_hal.o
 .debug_macro   0x0001d976      0x391 ./system/src/stm32f4-hal/stm32f4xx_hal.o
 .debug_macro   0x0001dd07      0x176 ./system/src/stm32f4-hal/stm32f4xx_hal.o
 .debug_macro   0x0001de7d       0xf9 ./system/src/stm32f4-hal/stm32f4xx_hal.o
 .debug_macro   0x0001df76      0x40f ./system/src/stm32f4-hal/stm32f4xx_hal.o
 .debug_macro   0x0001e385       0x22 ./system/src/stm32f4-hal/stm32f4xx_hal.o
 .debug_macro   0x0001e3a7       0xea ./system/src/stm32f4-hal/stm32f4xx_hal.o
 .debug_macro   0x0001e491       0xa0 ./system/src/stm32f4-hal/stm32f4xx_hal.o
 .debug_macro   0x0001e531       0x3c ./system/src/stm32f4-hal/stm32f4xx_hal.o
 .debug_macro   0x0001e56d       0x1f ./system/src/stm32f4-hal/stm32f4xx_hal.o
 .debug_macro   0x0001e58c      0x1d2 ./system/src/stm32f4-hal/stm32f4xx_hal.o
 .debug_macro   0x0001e75e      0xccf ./system/src/stm32f4-hal/stm32f4xx_hal.o
 .debug_macro   0x0001f42d      0x12c ./system/src/stm32f4-hal/stm32f4xx_hal.o
 .debug_macro   0x0001f559      0x21e ./system/src/stm32f4-hal/stm32f4xx_hal.o
 .debug_macro   0x0001f777       0x2e ./system/src/stm32f4-hal/stm32f4xx_hal.o
 .debug_macro   0x0001f7a5      0x543 ./system/src/stm32f4-hal/stm32f4xx_hal.o
 .debug_macro   0x0001fce8       0x88 ./system/src/stm32f4-hal/stm32f4xx_hal.o
 .debug_macro   0x0001fd70       0xea ./system/src/stm32f4-hal/stm32f4xx_hal.o
 .debug_macro   0x0001fe5a      0x184 ./system/src/stm32f4-hal/stm32f4xx_hal.o
 .debug_macro   0x0001ffde      0x1b5 ./system/src/stm32f4-hal/stm32f4xx_hal.o
 .debug_macro   0x00020193       0xd6 ./system/src/stm32f4-hal/stm32f4xx_hal.o
 .debug_macro   0x00020269      0x26b ./system/src/stm32f4-hal/stm32f4xx_hal.o
 .debug_macro   0x000204d4      0x1a7 ./system/src/stm32f4-hal/stm32f4xx_hal.o
 .debug_macro   0x0002067b       0x46 ./system/src/stm32f4-hal/stm32f4xx_hal.o
 .debug_macro   0x000206c1       0x4a ./system/src/stm32f4-hal/stm32f4xx_hal.o
 .debug_macro   0x0002070b       0x78 ./system/src/stm32f4-hal/stm32f4xx_hal.o
 .debug_macro   0x00020783      0x11a ./system/src/stm32f4-hal/stm32f4xx_hal.o
 .debug_macro   0x0002089d       0x7e ./system/src/stm32f4-hal/stm32f4xx_hal.o
 .debug_macro   0x0002091b       0x89 ./system/src/stm32f4-hal/stm32f4xx_hal.o
 .debug_macro   0x000209a4       0xa4 ./system/src/stm32f4-hal/stm32f4xx_hal.o
 .debug_macro   0x00020a48      0x31a ./system/src/stm32f4-hal/stm32f4xx_hal.o
 .debug_macro   0x00020d62      0x405 ./system/src/stm32f4-hal/stm32f4xx_hal.o
 .debug_macro   0x00021167       0xe4 ./system/src/stm32f4-hal/stm32f4xx_hal.o
 .debug_macro   0x0002124b      0x861 ./system/src/stm32f4-hal/stm32f4xx_hal.o
 .debug_macro   0x00021aac      0x1d5 ./system/src/stm32f4-hal/stm32f4xx_hal.o
 .debug_macro   0x00021c81      0x225 ./system/src/stm32f4-hal/stm32f4xx_hal.o
 .debug_macro   0x00021ea6      0x8a0 ./system/src/stm32f4-hal/stm32f4xx_hal.o
 .debug_macro   0x00022746       0x47 ./system/src/stm32f4-hal/stm32f4xx_hal.o
 .debug_macro   0x0002278d      0x287 ./system/src/stm32f4-hal/stm32f4xx_hal.o
 .debug_macro   0x00022a14      0x217 ./system/src/stm32f4-hal/stm32f4xx_hal.o
 .debug_macro   0x00022c2b      0x1b5 ./system/src/stm32f4-hal/stm32f4xx_hal.o
 .debug_macro   0x00022de0      0x2db ./system/src/stm32f4-hal/stm32f4xx_hal.o
 .debug_macro   0x000230bb       0x8d ./system/src/stm32f4-hal/stm32f4xx_hal.o
 .debug_macro   0x00023148      0x21e ./system/src/stm32f4-hal/stm32f4xx_hal.o
 .debug_macro   0x00023366       0xba ./system/src/stm32f4-hal/stm32f4xx_hal.o
 .debug_macro   0x00023420       0x6e ./system/src/stm32f4-hal/stm32f4xx_hal.o
 .debug_macro   0x0002348e      0x1e9 ./system/src/stm32f4-hal/stm32f4xx_hal.o
 .debug_macro   0x00023677      0x12d ./system/src/stm32f4-hal/stm32f4xx_hal.o
 .debug_macro   0x000237a4      0x3ad ./system/src/stm32f4-hal/stm32f4xx_hal_cortex.o
 .debug_macro   0x00023b51      0x3e3 ./system/src/stm32f4-hal/stm32f4xx_hal_gpio.o
 .debug_macro   0x00023f34      0x3d1 ./system/src/stm32f4-hal/stm32f4xx_hal_rcc.o
 .debug_macro   0x00024305      0x3ae ./system/src/stm32f4-hal/stm32f4xx_hal_tim.o
 .debug_macro   0x000246b3      0x19c ./system/src/newlib/exit.o
 .debug_macro   0x0002484f      0x151 ./system/src/newlib/sbrk.o
 .debug_macro   0x000249a0       0x10 ./system/src/newlib/sbrk.o
 .debug_macro   0x000249b0      0x23b ./system/src/newlib/sbrk.o
 .debug_macro   0x00024beb      0x15b ./system/src/newlib/startup.o
 .debug_macro   0x00024d46      0x89e ./system/src/newlib/startup.o
 .debug_macro   0x000255e4      0x1ff ./system/src/newlib/syscalls.o
 .debug_macro   0x000257e3       0x1c ./system/src/newlib/syscalls.o
 .debug_macro   0x000257ff       0x10 ./system/src/newlib/syscalls.o
 .debug_macro   0x0002580f       0x10 ./system/src/newlib/syscalls.o
 .debug_macro   0x0002581f       0x10 ./system/src/newlib/syscalls.o
 .debug_macro   0x0002582f       0x35 ./system/src/newlib/syscalls.o
 .debug_macro   0x00025864      0x122 ./system/src/newlib/syscalls.o
 .debug_macro   0x00025986       0x88 ./system/src/newlib/syscalls.o
 .debug_macro   0x00025a0e       0x2b ./system/src/newlib/syscalls.o
 .debug_macro   0x00025a39      0x118 ./system/src/newlib/syscalls.o
 .debug_macro   0x00025b51      0x159 ./system/src/newlib/syscalls.o
 .debug_macro   0x00025caa       0x16 ./system/src/newlib/syscalls.o
 .debug_macro   0x00025cc0      0x509 ./system/src/diag/trace-impl.o
 .debug_macro   0x000261c9       0x10 ./system/src/diag/trace-impl.o
 .debug_macro   0x000261d9      0x307 ./system/src/diag/trace-impl.o
 .debug_macro   0x000264e0       0x22 ./system/src/diag/trace-impl.o
 .debug_macro   0x00026502      0x1d9 ./system/src/diag/trace.o
 .debug_macro   0x000266db       0x16 ./system/src/diag/trace.o
 .debug_macro   0x000266f1       0x97 ./system/src/diag/trace.o
 .debug_macro   0x00026788       0xfd ./system/src/diag/trace.o
 .debug_macro   0x00026885       0x10 ./system/src/diag/trace.o
 .debug_macro   0x00026895       0x16 ./system/src/diag/trace.o
 .debug_macro   0x000268ab      0x18b ./system/src/diag/trace.o
 .debug_macro   0x00026a36       0x4c ./system/src/diag/trace.o
 .debug_macro   0x00026a82       0x16 ./system/src/diag/trace.o
 .debug_macro   0x00026a98      0x54f ./system/src/cortexm/exception-handlers.o
 .debug_macro   0x00026fe7       0x10 ./system/src/cortexm/exception-handlers.o
 .debug_macro   0x00026ff7      0x3b7 ./system/src/cortexm/initialize-hardware.o
 .debug_macro   0x000273ae      0x3b3 ./system/src/cmsis/system_stm32f4xx.o
 .debug_macro   0x00027761       0x34 ./system/src/cmsis/vectors_stm32f407xx.o
 .debug_macro   0x00027795      0x58a ./src/LED_Control.o
 .debug_macro   0x00027d1f       0xd9 ./src/LED_Control.o
 .debug_macro   0x00027df8       0x54 ./src/LED_Control.o
 .debug_macro   0x00027e4c       0x1b ./src/clock_control.o
 .debug_macro   0x00027e67      0x4ee ./src/initialize-hardware.o
 .debug_macro   0x00028355      0x58a ./src/main.o
 .debug_macro   0x000288df      0x3ad ./src/stm32f4xx_hal_msp.o
